// Jest Snapshot v1, https://goo.gl/fbAQLP

exports[`Layout page Component test should render the PokemonDetail Component 1`] = `
<nav
  class="navbar navbar-expand-md navbar-light bg-light"
>
  <a
    class="navbar-brand"
    href="/"
  >
    Awesome Pokedex
  </a>
  <button
    aria-label="Toggle navigation"
    class="navbar-toggler"
    type="button"
  >
    <span
      class="navbar-toggler-icon"
    />
  </button>
  <div
    aria-expanded="false"
    class="collapse navbar-collapse"
  >
    <ul
      class="ml-auto navbar-nav"
    >
      <li
        class="nav-item"
      >
        <a
          class="nav-link"
          href="/components/"
        >
          Components
        </a>
      </li>
      <li
        class="nav-item"
      >
        <a
          class="nav-link"
          href="https://github.com/reactstrap/reactstrap"
        >
          GitHub
        </a>
      </li>
      <li
        class="dropdown nav-item"
      >
        <a
          aria-expanded="false"
          aria-haspopup="true"
          class="dropdown-toggle nav-link"
          href="#"
        >
          Options
        </a>
        <div
          aria-hidden="true"
          class="dropdown-menu dropdown-menu-right"
          role="menu"
          tabindex="-1"
        >
          <button
            class="dropdown-item"
            role="menuitem"
            tabindex="0"
            type="button"
          >
            Option 1
          </button>
          <button
            class="dropdown-item"
            role="menuitem"
            tabindex="0"
            type="button"
          >
            Option 2
          </button>
          <div
            class="dropdown-divider"
            tabindex="-1"
          />
          <button
            class="dropdown-item"
            role="menuitem"
            tabindex="0"
            type="button"
          >
            Reset
          </button>
        </div>
      </li>
    </ul>
  </div>
</nav>
`;

exports[`Layout page Component test should render the PokemonList Component 1`] = `
<nav
  class="navbar navbar-expand-md navbar-light bg-light"
>
  <a
    class="navbar-brand"
    href="/"
  >
    Awesome Pokedex
  </a>
  <button
    aria-label="Toggle navigation"
    class="navbar-toggler"
    type="button"
  >
    <span
      class="navbar-toggler-icon"
    />
  </button>
  <div
    aria-expanded="false"
    class="collapse navbar-collapse"
  >
    <ul
      class="ml-auto navbar-nav"
    >
      <li
        class="nav-item"
      >
        <a
          class="nav-link"
          href="/components/"
        >
          Components
        </a>
      </li>
      <li
        class="nav-item"
      >
        <a
          class="nav-link"
          href="https://github.com/reactstrap/reactstrap"
        >
          GitHub
        </a>
      </li>
      <li
        class="dropdown nav-item"
      >
        <a
          aria-expanded="false"
          aria-haspopup="true"
          class="dropdown-toggle nav-link"
          href="#"
        >
          Options
        </a>
        <div
          aria-hidden="true"
          class="dropdown-menu dropdown-menu-right"
          role="menu"
          tabindex="-1"
        >
          <button
            class="dropdown-item"
            role="menuitem"
            tabindex="0"
            type="button"
          >
            Option 1
          </button>
          <button
            class="dropdown-item"
            role="menuitem"
            tabindex="0"
            type="button"
          >
            Option 2
          </button>
          <div
            class="dropdown-divider"
            tabindex="-1"
          />
          <button
            class="dropdown-item"
            role="menuitem"
            tabindex="0"
            type="button"
          >
            Reset
          </button>
        </div>
      </li>
    </ul>
  </div>
</nav>
`;

exports[`Layout page Component test should render the component with default props 1`] = `
<nav
  class="navbar navbar-expand-md navbar-light bg-light"
>
  <a
    class="navbar-brand"
    href="/"
  >
    Awesome Pokedex
  </a>
  <button
    aria-label="Toggle navigation"
    class="navbar-toggler"
    type="button"
  >
    <span
      class="navbar-toggler-icon"
    />
  </button>
  <div
    aria-expanded="false"
    class="collapse navbar-collapse"
  >
    <ul
      class="ml-auto navbar-nav"
    >
      <li
        class="nav-item"
      >
        <a
          class="nav-link"
          href="/components/"
        >
          Components
        </a>
      </li>
      <li
        class="nav-item"
      >
        <a
          class="nav-link"
          href="https://github.com/reactstrap/reactstrap"
        >
          GitHub
        </a>
      </li>
      <li
        class="dropdown nav-item"
      >
        <a
          aria-expanded="false"
          aria-haspopup="true"
          class="dropdown-toggle nav-link"
          href="#"
        >
          Options
        </a>
        <div
          aria-hidden="true"
          class="dropdown-menu dropdown-menu-right"
          role="menu"
          tabindex="-1"
        >
          <button
            class="dropdown-item"
            role="menuitem"
            tabindex="0"
            type="button"
          >
            Option 1
          </button>
          <button
            class="dropdown-item"
            role="menuitem"
            tabindex="0"
            type="button"
          >
            Option 2
          </button>
          <div
            class="dropdown-divider"
            tabindex="-1"
          />
          <button
            class="dropdown-item"
            role="menuitem"
            tabindex="0"
            type="button"
          >
            Reset
          </button>
        </div>
      </li>
    </ul>
  </div>
</nav>
`;
